// Jest Snapshot v1, https://goo.gl/fbAQLP

exports[`renders without crashing 1`] = `
Array [
  <h1>
    Page not found
</h1>,
  <p>
    That's all we know.
</p>,
]
`;
