// Jest Snapshot v1, https://goo.gl/fbAQLP

exports[`renders without crashing 1`] = `
.c2 {
  -webkit-transition: 0.25s;
  transition: 0.25s;
  -webkit-text-decoration: none;
  text-decoration: none;
  border-bottom: solid 1px;
}

.c0 {
  margin: 0;
  padding: 0;
  list-style: none;
}

.c1 {
  display: inline-block;
  margin: 1rem 1rem 0 0;
}

<ul
  className="c0"
>
  <li
    className="c1"
  >
    <a
      className="c2"
      href="https://console.system.b.cld.gov.au/"
    >
      Production console
    </a>
  </li>
  <li
    className="c1"
  >
    <a
      className="c2"
      href="https://console.system.y.cld.gov.au/"
    >
      Staging console
    </a>
  </li>
</ul>
`;
