// Jest Snapshot v1, https://goo.gl/fbAQLP

exports[`renders without crashing 1`] = `
.c9 {
  -webkit-transition: 0.25s;
  transition: 0.25s;
  -webkit-text-decoration: none;
  text-decoration: none;
  border-bottom: solid 1px;
}

.c5 {
  -webkit-transition: 0.25s;
  transition: 0.25s;
  -webkit-text-decoration: none;
  text-decoration: none;
  border-bottom: solid 1px;
}

.c1 {
  max-width: 1024px;
}

.c7 {
  margin: 0;
  padding: 0;
  list-style: none;
}

.c8 {
  display: block;
  margin: 8px;
}

.c2 {
  box-sizing: border-box;
  padding-right: 16px;
  display: none;
}

.c3 {
  height: 5rem;
  padding-right: 1rem;
  border-right: 1px solid;
}

.c4 {
  display: block;
  border-bottom: 0;
}

.c6 {
  margin: 0;
  font-weight: 500;
  font-size: 1.5rem;
}

.c0 {
  color: #ffffff;
}

@media screen and (min-width:40em) {
  .c8 {
    display: inline-block;
  }
}

@media screen and (min-width:40em) {
  .c2 {
    display: block;
  }
}

<header
  className="c0"
>
  <div
    className="c1 bNqJOV"
    is={null}
  >
    <div
      className="fzUmoZ NcCKj"
      is={null}
    >
      <div
        className="c2"
        display={
          Array [
            "none",
            "block",
          ]
        }
        is={null}
      >
        <a
          href="/"
        >
          <img
            alt="The Australian Government Coat of Arms"
            className="c3"
            src={
              Object {
                "0": "c",
                "1": "o",
                "2": "a",
                "3": ".",
                "4": "s",
                "5": "v",
                "6": "g",
                "default": "coa.svg",
              }
            }
          />
        </a>
      </div>
      <div
        className="iHZvIS"
        is={null}
      >
        <a
          className="c4 c5"
          href="/"
          onClick={[Function]}
        >
          <div
            className="c6"
          >
            cloud.gov.au
          </div>
        </a>
      </div>
      <div
        className="fvqBgo"
        is={null}
      >
        <ul
          className="c7"
        >
          <li
            className="c8"
            display={
              Array [
                "block",
                "inline-block",
              ]
            }
            m={
              Array [
                1,
              ]
            }
          >
            <a
              className="c5"
              href="/insights/"
              onClick={[Function]}
            >
              Insights
            </a>
          </li>
          <li
            className="c8"
            display={
              Array [
                "block",
                "inline-block",
              ]
            }
            m={
              Array [
                1,
              ]
            }
          >
            <a
              className="c5"
              href="/code/"
              onClick={[Function]}
            >
              Code
            </a>
          </li>
          <li
            className="c8"
            display={
              Array [
                "block",
                "inline-block",
              ]
            }
            m={
              Array [
                1,
              ]
            }
          >
            <a
              className="c9"
              href="https://docs.cloud.gov.au/"
            >
              Docs
            </a>
          </li>
          <li
            className="c8"
            display={
              Array [
                "block",
                "inline-block",
              ]
            }
            m={
              Array [
                1,
              ]
            }
          >
            <a
              className="c9"
              href="https://support.cloud.gov.au/"
            >
              Support
            </a>
          </li>
        </ul>
      </div>
    </div>
  </div>
</header>
`;
